陕西公共频道,http://[2409:8087:7000:20:1000::22]:6060/yinhe/2/ch00000090990000001739/index.m3u8?virtualDomain=yinhe.live_hls.zte.com
陕西公共频道,http://zteres.sn.chinamobile.com:6060/yinhe/2/ch00000090990000001739/index.m3u8?virtualDomain=yinhe.live_hls.zte.com
陕西公共频道,http://211.137.115.109:80/gitv_live/G_SHANXI-5/G_SHANXI-5.m3u8
陕西公共频道,http://dbiptv.sn.chinamobile.com/PLTV/88888888/224/3221226361/1.m3u8
陕西生活频道,http://[2409:8087:7000:20:1000::22]:6060/yinhe/2/ch00000090990000001729/index.m3u8?virtualDomain=yinhe.live_hls.zte.com
陕西生活频道,http://zteres.sn.chinamobile.com:6060/yinhe/2/ch00000090990000001729/index.m3u8?virtualDomain=yinhe.live_hls.zte.com
陕西生活频道,http://211.137.115.109:80/gitv_live/G_SHANXI-3/G_SHANXI-3.m3u8
陕西生活频道,http://dbiptv.sn.chinamobile.com/PLTV/88888888/224/3221226359/1.m3u8
陕西影视频道,http://[2409:8087:7000:20:1000::22]:6060/yinhe/2/ch00000090990000001730/index.m3u8?virtualDomain=yinhe.live_hls.zte.com
陕西影视频道,http://zteres.sn.chinamobile.com:6060/yinhe/2/ch00000090990000001730/index.m3u8?virtualDomain=yinhe.live_hls.zte.com
陕西影视频道,http://211.137.115.109:80/gitv_live/G_SHANXI-4/G_SHANXI-4.m3u8
陕西影视频道,http://dbiptv.sn.chinamobile.com/PLTV/88888888/224/3221226360/1.m3u8
陕西西部电影,http://[2409:8087:7000:20:1000::22]:6060/yinhe/2/ch00000090990000001749/index.m3u8?virtualDomain=yinhe.live_hls.zte.com
陕西西部电影,http://zteres.sn.chinamobile.com:6060/yinhe/2/ch00000090990000001749/index.m3u8?virtualDomain=yinhe.live_hls.zte.com
陕西西部电影,http://211.137.115.109:80/gitv_live/G_SHANXI-8/G_SHANXI-8.m3u8
陕西乐家购物,http://[2409:8087:7000:20:1000::22]:6060/yinhe/2/ch00000090990000001731/index.m3u8?virtualDomain=yinhe.live_hls.zte.com
陕西乐家购物,http://zteres.sn.chinamobile.com:6060/yinhe/2/ch00000090990000001731/index.m3u8?virtualDomain=yinhe.live_hls.zte.com
陕西乐家购物,http://211.137.115.109:80/gitv_live/G_SHANXI-6/G_SHANXI-6.m3u8
陕西乐家购物,http://dbiptv.sn.chinamobile.com/PLTV/88888888/224/3221226362/1.m3u8
咸阳综合,http://[2409:8087:7000:20:1000::22]:6060/yinhe/2/ch00000090990000001799/index.m3u8?virtualDomain=yinhe.live_hls.zte.com
咸阳综合,http://zteres.sn.chinamobile.com:6060/yinhe/2/ch00000090990000001799/index.m3u8?virtualDomain=yinhe.live_hls.zte.com
咸阳综合,http://211.137.115.109:80/gitv_live/G_XIANYANG/G_XIANYANG.m3u8
咸阳综合,http://dbiptv.sn.chinamobile.com/PLTV/88888890/224/3221226372/index.m3u8
咸阳公共,http://[2409:8087:7000:20:1000::22]:6060/yinhe/2/ch00000090990000002764/index.m3u8?virtualDomain=yinhe.live_hls.zte.com
咸阳公共,http://zteres.sn.chinamobile.com:6060/yinhe/2/ch00000090990000002764/index.m3u8?virtualDomain=yinhe.live_hls.zte.com
咸阳公共,http://211.137.115.109:80/gitv_live/G_XIANYANG-2/G_XIANYANG-2.m3u8
咸阳教育,http://[2409:8087:7000:20:1000::22]:6060/yinhe/2/ch00000090990000002875/index.m3u8?virtualDomain=yinhe.live_hls.zte.com
咸阳教育,http://zteres.sn.chinamobile.com:6060/yinhe/2/ch00000090990000002875/index.m3u8?virtualDomain=yinhe.live_hls.zte.com
咸阳教育,http://211.137.115.109:80/gitv_live/G_XIANYANGJIAOYU-1/G_XIANYANGJIAOYU-1.m3u8
西安新闻综合,http://[2409:8087:7000:20:1000::22]:6060/yinhe/2/ch00000090990000001720/index.m3u8?virtualDomain=yinhe.live_hls.zte.com
西安新闻综合,http://zteres.sn.chinamobile.com:6060/yinhe/2/ch00000090990000001720/index.m3u8?virtualDomain=yinhe.live_hls.zte.com
西安新闻综合,http://dbiptv.sn.chinamobile.com/PLTV/88888888/224/3221226366/1.m3u8
西安商务资讯,http://[2409:8087:7000:20:1000::22]:6060/yinhe/2/ch00000090990000001732/index.m3u8?virtualDomain=yinhe.live_hls.zte.com
西安商务资讯,http://zteres.sn.chinamobile.com:6060/yinhe/2/ch00000090990000001732/index.m3u8?virtualDomain=yinhe.live_hls.zte.com
西安商务资讯,http://dbiptv.sn.chinamobile.com/PLTV/88888888/224/3221226368/1.m3u8
西安都市,http://[2409:8087:7000:20:1000::22]:6060/yinhe/2/ch00000090990000001595/index.m3u8?virtualDomain=yinhe.live_hls.zte.com
西安都市,http://zteres.sn.chinamobile.com:6060/yinhe/2/ch00000090990000001595/index.m3u8?virtualDomain=yinhe.live_hls.zte.com
西安都市,http://dbiptv.sn.chinamobile.com/PLTV/88888888/224/3221226367/1.m3u8
西安影视,http://[2409:8087:7000:20:1000::22]:6060/yinhe/2/ch00000090990000001769/index.m3u8?virtualDomain=yinhe.live_hls.zte.com
西安影视,http://zteres.sn.chinamobile.com:6060/yinhe/2/ch00000090990000001769/index.m3u8?virtualDomain=yinhe.live_hls.zte.com
西安影视,http://dbiptv.sn.chinamobile.com/PLTV/88888888/224/3221226369/1.m3u8
西安丝路,http://[2409:8087:7000:20:1000::22]:6060/yinhe/2/ch00000090990000001779/index.m3u8?virtualDomain=yinhe.live_hls.zte.com
西安丝路,http://zteres.sn.chinamobile.com:6060/yinhe/2/ch00000090990000001779/index.m3u8?virtualDomain=yinhe.live_hls.zte.com
西安丝路,http://dbiptv.sn.chinamobile.com/PLTV/88888888/224/3221226370/1.m3u8
西安教育电视台,http://[2409:8087:7000:20:1000::22]:6060/yinhe/2/ch00000090990000001789/index.m3u8?virtualDomain=yinhe.live_hls.zte.com
西安教育电视台,http://zteres.sn.chinamobile.com:6060/yinhe/2/ch00000090990000001789/index.m3u8?virtualDomain=yinhe.live_hls.zte.com
西安教育电视台,http://211.137.115.109:80/gitv_live/G_XIANJIAOYU/G_XIANJIAOYU.m3u8
西安教育电视台,http://dbiptv.sn.chinamobile.com/PLTV/88888890/224/3221226371/index.m3u8
农林卫视,http://[2409:8087:7000:20:1000::22]:6060/yinhe/2/ch00000090990000001312/index.m3u8?virtualDomain=yinhe.live_hls.zte.com
农林卫视,http://zteres.sn.chinamobile.com:6060/yinhe/2/ch00000090990000001312/index.m3u8?virtualDomain=yinhe.live_hls.zte.com
农林卫视,http://211.137.115.109:80/gitv_live/G_NONGLIN/G_NONGLIN.m3u8
农林卫视,http://dbiptv.sn.chinamobile.com/PLTV/88888890/224/3221226229/index.m3u8
兵团卫视,http://[2409:8087:7000:20:1000::22]:6060/yinhe/2/ch00000090990000001304/index.m3u8?virtualDomain=yinhe.live_hls.zte.com
兵团卫视,http://zteres.sn.chinamobile.com:6060/yinhe/2/ch00000090990000001304/index.m3u8?virtualDomain=yinhe.live_hls.zte.com
兵团卫视,http://211.137.115.109:80/gitv_live/G_BINGTUAN/G_BINGTUAN.m3u8
兵团卫视,http://dbiptv.sn.chinamobile.com/PLTV/88888890/224/3221226214/index.m3u8
CGTN,http://[2409:8087:7000:20:1000::22]:6060/yinhe/2/ch00000090990000001024/index.m3u8?virtualDomain=yinhe.live_hls.zte.com
CGTN,http://zteres.sn.chinamobile.com:6060/yinhe/2/ch00000090990000001024/index.m3u8?virtualDomain=yinhe.live_hls.zte.com
CGTN阿语,http://[2409:8087:7000:20:1000::22]:6060/yinhe/2/ch00000090990000002826/index.m3u9?virtualDomain=yinhe.live_hls.zte.com
CGTN阿语,http://zteres.sn.chinamobile.com:6060/yinhe/2/ch00000090990000002826/index.m3u9?virtualDomain=yinhe.live_hls.zte.com
CGTN法语,http://[2409:8087:7000:20:1000::22]:6060/yinhe/2/ch00000090990000002827/index.m3u8?virtualDomain=yinhe.live_hls.zte.com
CGTN法语,http://zteres.sn.chinamobile.com:6060/yinhe/2/ch00000090990000002827/index.m3u8?virtualDomain=yinhe.live_hls.zte.com
CGTN西语,http://[2409:8087:7000:20:1000::22]:6060/yinhe/2/ch00000090990000002716/index.m3u8?virtualDomain=yinhe.live_hls.zte.com
CGTN西语,http://zteres.sn.chinamobile.com:6060/yinhe/2/ch00000090990000002716/index.m3u8?virtualDomain=yinhe.live_hls.zte.com
发现之旅,http://[2409:8087:7000:20:1000::22]:6060/yinhe/2/ch00000090990000001314/index.m3u8?virtualDomain=yinhe.live_hls.zte.com
发现之旅,http://zteres.sn.chinamobile.com:6060/yinhe/2/ch00000090990000001314/index.m3u8?virtualDomain=yinhe.live_hls.zte.com
发现之旅,http://211.137.115.109:80/gitv_live/G_FAXIANZL/G_FAXIANZL.m3u8
发现之旅,http://dbiptv.sn.chinamobile.com/PLTV/88888890/224/3221226235/index.m3u8
老故事,http://[2409:8087:7000:20:1000::22]:6060/yinhe/2/ch00000090990000001315/index.m3u8?virtualDomain=yinhe.live_hls.zte.com
老故事,http://zteres.sn.chinamobile.com:6060/yinhe/2/ch00000090990000001315/index.m3u8?virtualDomain=yinhe.live_hls.zte.com
老故事,http://211.137.115.109:80/gitv_live/G_LAOGUSHI/G_LAOGUSHI.m3u8
老故事,http://dbiptv.sn.chinamobile.com/PLTV/88888890/224/3221226236/index.m3u8
北京纪实科教,http://[2409:8087:7000:20:1000::22]:6060/yinhe/2/ch00000090990000001329/index.m3u8?virtualDomain=yinhe.live_hls.zte.com
北京纪实科教,http://zteres.sn.chinamobile.com:6060/yinhe/2/ch00000090990000001329/index.m3u8?virtualDomain=yinhe.live_hls.zte.com
上海纪实人文,http://[2409:8087:7000:20:1000::22]:6060/yinhe/2/ch00000090990000001330/index.m3u8?virtualDomain=yinhe.live_hls.zte.com
上海纪实人文,http://zteres.sn.chinamobile.com:6060/yinhe/2/ch00000090990000001330/index.m3u8?virtualDomain=yinhe.live_hls.zte.com
金色学堂,http://[2409:8087:7000:20:1000::22]:6060/yinhe/2/ch00000090990000002675/index.m3u8?virtualDomain=yinhe.live_hls.zte.com
金色学堂,http://zteres.sn.chinamobile.com:6060/yinhe/2/ch00000090990000002675/index.m3u8?virtualDomain=yinhe.live_hls.zte.com
金色学堂,http://211.137.115.109:80/gitv_live/G_JINSEXT-HQ/G_JINSEXT-HQ.m3u8
乐游,http://[2409:8087:7000:20:1000::22]:6060/yinhe/2/ch00000090990000002157/index.m3u8?virtualDomain=yinhe.live_hls.zte.com
乐游,http://zteres.sn.chinamobile.com:6060/yinhe/2/ch00000090990000002157/index.m3u8?virtualDomain=yinhe.live_hls.zte.com
茶频道,http://[2409:8087:7000:20:1000::22]:6060/yinhe/2/ch00000090990000002305/index.m3u8?virtualDomain=yinhe.live_hls.zte.com
茶频道,http://zteres.sn.chinamobile.com:6060/yinhe/2/ch00000090990000002305/index.m3u8?virtualDomain=yinhe.live_hls.zte.com
陕西导视,http://[2409:8087:7000:20:1000::22]:6060/yinhe/2/ch00000090990000001579/index.m3u8?virtualDomain=yinhe.live_hls.zte.com
陕西导视,http://[2409:8087:7000:20:1000::22]:6060/yinhe/2/ch00000090990000001589/index.m3u9?virtualDomain=yinhe.live_hls.zte.com
陕西导视,http://zteres.sn.chinamobile.com:6060/yinhe/2/ch00000090990000001579/index.m3u8?virtualDomain=yinhe.live_hls.zte.com
陕西导视,http://zteres.sn.chinamobile.com:6060/yinhe/2/ch00000090990000001589/index.m3u9?virtualDomain=yinhe.live_hls.zte.com
精彩综艺,http://[2409:8087:7000:20:1000::22]:6060/yinhe/2/ch00000090990000001273/index.m3u8?virtualDomain=yinhe.live_hls.zte.com
精彩综艺,http://zteres.sn.chinamobile.com:6060/yinhe/2/ch00000090990000001273/index.m3u8?virtualDomain=yinhe.live_hls.zte.com
安康综合,http://[2409:8087:7000:20:1000::22]:6060/yinhe/2/ch00000090990000001721/index.m3u8?virtualDomain=yinhe.live_hls.zte.com
安康综合,http://zteres.sn.chinamobile.com:6060/yinhe/2/ch00000090990000001721/index.m3u8?virtualDomain=yinhe.live_hls.zte.com
宁陕电视台,http://[2409:8087:7000:20:1000::22]:6060/yinhe/2/ch00000090990000002787/index.m3u8?virtualDomain=yinhe.live_hls.zte.com
宁陕电视台,http://zteres.sn.chinamobile.com:6060/yinhe/2/ch00000090990000002787/index.m3u8?virtualDomain=yinhe.live_hls.zte.com
石泉电视台,http://[2409:8087:7000:20:1000::22]:6060/yinhe/2/ch00000090990000002595/index.m3u8?virtualDomain=yinhe.live_hls.zte.com
石泉电视台,http://zteres.sn.chinamobile.com:6060/yinhe/2/ch00000090990000002595/index.m3u8?virtualDomain=yinhe.live_hls.zte.com
镇坪综合,http://[2409:8087:7000:20:1000::22]:6060/yinhe/2/ch00000090990000002815/index.m3u8?virtualDomain=yinhe.live_hls.zte.com
镇坪综合,http://zteres.sn.chinamobile.com:6060/yinhe/2/ch00000090990000002815/index.m3u8?virtualDomain=yinhe.live_hls.zte.com
紫阳综合,http://[2409:8087:7000:20:1000::22]:6060/yinhe/2/ch00000090990000002605/index.m3u8?virtualDomain=yinhe.live_hls.zte.com
紫阳综合,http://zteres.sn.chinamobile.com:6060/yinhe/2/ch00000090990000002605/index.m3u8?virtualDomain=yinhe.live_hls.zte.com
宝鸡1,http://[2409:8087:7000:20:1000::22]:6060/yinhe/2/ch00000090990000001829/index.m3u8?virtualDomain=yinhe.live_hls.zte.com
宝鸡1,http://zteres.sn.chinamobile.com:6060/yinhe/2/ch00000090990000001829/index.m3u8?virtualDomain=yinhe.live_hls.zte.com
宝鸡2,http://[2409:8087:7000:20:1000::22]:6060/yinhe/2/ch00000090990000001737/index.m3u8?virtualDomain=yinhe.live_hls.zte.com
宝鸡2,http://zteres.sn.chinamobile.com:6060/yinhe/2/ch00000090990000001737/index.m3u8?virtualDomain=yinhe.live_hls.zte.com
麟游综合,http://[2409:8087:7000:20:1000::22]:6060/yinhe/2/ch00000090990000002895/index.m3u8?virtualDomain=yinhe.live_hls.zte.com
麟游综合,http://zteres.sn.chinamobile.com:6060/yinhe/2/ch00000090990000002895/index.m3u8?virtualDomain=yinhe.live_hls.zte.com
眉县新闻综合,http://[2409:8087:7000:20:1000::22]:6060/yinhe/2/ch00000090990000002882/index.m3u8?virtualDomain=yinhe.live_hls.zte.com
眉县新闻综合,http://zteres.sn.chinamobile.com:6060/yinhe/2/ch00000090990000002882/index.m3u8?virtualDomain=yinhe.live_hls.zte.com
岐山综合,http://[2409:8087:7000:20:1000::22]:6060/yinhe/2/ch00000090990000002564/index.m3u8?virtualDomain=yinhe.live_hls.zte.com
岐山综合,http://zteres.sn.chinamobile.com:6060/yinhe/2/ch00000090990000002564/index.m3u8?virtualDomain=yinhe.live_hls.zte.com
汉中公共,http://[2409:8087:7000:20:1000::22]:6060/yinhe/2/ch00000090990000001262/index.m3u8?virtualDomain=yinhe.live_hls.zte.com
汉中公共,http://zteres.sn.chinamobile.com:6060/yinhe/2/ch00000090990000001262/index.m3u8?virtualDomain=yinhe.live_hls.zte.com
汉中教育,http://[2409:8087:7000:20:1000::22]:6060/yinhe/2/ch00000090990000001263/index.m3u8?virtualDomain=yinhe.live_hls.zte.com
汉中教育,http://zteres.sn.chinamobile.com:6060/yinhe/2/ch00000090990000001263/index.m3u8?virtualDomain=yinhe.live_hls.zte.com
城固电视台,http://[2409:8087:7000:20:1000::22]:6060/yinhe/2/ch00000090990000002375/index.m3u8?virtualDomain=yinhe.live_hls.zte.com
城固电视台,http://zteres.sn.chinamobile.com:6060/yinhe/2/ch00000090990000002375/index.m3u8?virtualDomain=yinhe.live_hls.zte.com
商洛综合,http://[2409:8087:7000:20:1000::22]:6060/yinhe/2/ch00000090990000001734/index.m3u8?virtualDomain=yinhe.live_hls.zte.com
商洛综合,http://[2409:8087:7000:20:1000::22]:6060/yinhe/2/ch00000090990000002585/index.m3u8?virtualDomain=yinhe.live_hls.zte.com
商洛综合,http://zteres.sn.chinamobile.com:6060/yinhe/2/ch00000090990000001734/index.m3u8?virtualDomain=yinhe.live_hls.zte.com
商洛综合,http://zteres.sn.chinamobile.com:6060/yinhe/2/ch00000090990000002585/index.m3u8?virtualDomain=yinhe.live_hls.zte.com
商洛二套,http://[2409:8087:7000:20:1000::22]:6060/yinhe/2/ch00000090990000002765/index.m3u8?virtualDomain=yinhe.live_hls.zte.com
商洛二套,http://zteres.sn.chinamobile.com:6060/yinhe/2/ch00000090990000002765/index.m3u8?virtualDomain=yinhe.live_hls.zte.com
渭南公共,http://[2409:8087:7000:20:1000::22]:6060/yinhe/2/ch00000090990000002797/index.m3u8?virtualDomain=yinhe.live_hls.zte.com
渭南公共,http://zteres.sn.chinamobile.com:6060/yinhe/2/ch00000090990000002797/index.m3u8?virtualDomain=yinhe.live_hls.zte.com
黄陵综合,http://[2409:8087:7000:20:1000::22]:6060/yinhe/2/ch00000090990000002806/index.m3u8?virtualDomain=yinhe.live_hls.zte.com
黄陵综合,http://zteres.sn.chinamobile.com:6060/yinhe/2/ch00000090990000002806/index.m3u8?virtualDomain=yinhe.live_hls.zte.com
吴起电视台,http://[2409:8087:7000:20:1000::22]:6060/yinhe/2/ch00000090990000002556/index.m3u8?virtualDomain=yinhe.live_hls.zte.com
吴起电视台,http://zteres.sn.chinamobile.com:6060/yinhe/2/ch00000090990000002556/index.m3u8?virtualDomain=yinhe.live_hls.zte.com
志丹综合,http://[2409:8087:7000:20:1000::22]:6060/yinhe/2/ch00000090990000002757/index.m3u8?virtualDomain=yinhe.live_hls.zte.com
志丹综合,http://zteres.sn.chinamobile.com:6060/yinhe/2/ch00000090990000002757/index.m3u8?virtualDomain=yinhe.live_hls.zte.com
榆林综合,http://[2409:8087:7000:20:1000::22]:6060/yinhe/2/ch00000090990000001710/index.m3u8?virtualDomain=yinhe.live_hls.zte.com
榆林综合,http://zteres.sn.chinamobile.com:6060/yinhe/2/ch00000090990000001710/index.m3u8?virtualDomain=yinhe.live_hls.zte.com
府谷综合,http://[2409:8087:7000:20:1000::22]:6060/yinhe/2/ch00000090990000002565/index.m3u8?virtualDomain=yinhe.live_hls.zte.com
府谷综合,http://zteres.sn.chinamobile.com:6060/yinhe/2/ch00000090990000002565/index.m3u8?virtualDomain=yinhe.live_hls.zte.com
横山综合,http://[2409:8087:7000:20:1000::22]:6060/yinhe/2/ch00000090990000002695/index.m3u8?virtualDomain=yinhe.live_hls.zte.com
横山综合,http://zteres.sn.chinamobile.com:6060/yinhe/2/ch00000090990000002695/index.m3u8?virtualDomain=yinhe.live_hls.zte.com
神木综合,http://[2409:8087:7000:20:1000::22]:6060/yinhe/2/ch00000090990000002575/index.m3u8?virtualDomain=yinhe.live_hls.zte.com
神木综合,http://zteres.sn.chinamobile.com:6060/yinhe/2/ch00000090990000002575/index.m3u8?virtualDomain=yinhe.live_hls.zte.com
吴堡综合,http://[2409:8087:7000:20:1000::22]:6060/yinhe/2/ch00000090990000002755/index.m3u8?virtualDomain=yinhe.live_hls.zte.com
吴堡综合,http://zteres.sn.chinamobile.com:6060/yinhe/2/ch00000090990000002755/index.m3u8?virtualDomain=yinhe.live_hls.zte.com
未知,http://[2409:8087:7000:20:1000::22]:6060/yinhe/2/ch00000090990000002563/index.m3u8?virtualDomain=yinhe.live_hls.zte.com
未知,http://zteres.sn.chinamobile.com:6060/yinhe/2/ch00000090990000002563/index.m3u8?virtualDomain=yinhe.live_hls.zte.com
佛坪电视台,http://[2409:8087:7000:20:1000::22]:6060/yinhe/2/ch00000090990000001929/index.m3u9?virtualDomain=yinhe.live_hls.zte.com
佛坪电视台,http://zteres.sn.chinamobile.com:6060/yinhe/2/ch00000090990000001929/index.m3u9?virtualDomain=yinhe.live_hls.zte.com
勉县综合,http://[2409:8087:7000:20:1000::22]:6060/yinhe/2/ch00000090990000002415/index.m3u9?virtualDomain=yinhe.live_hls.zte.com
勉县综合,http://zteres.sn.chinamobile.com:6060/yinhe/2/ch00000090990000002415/index.m3u9?virtualDomain=yinhe.live_hls.zte.com
西乡融媒,http://[2409:8087:7000:20:1000::22]:6060/yinhe/2/ch00000090990000002207/index.m3u9?virtualDomain=yinhe.live_hls.zte.com
西乡融媒,http://zteres.sn.chinamobile.com:6060/yinhe/2/ch00000090990000002207/index.m3u9?virtualDomain=yinhe.live_hls.zte.com
千阳电视台,http://[2409:8087:7000:20:1000::22]:6060/yinhe/2/ch00000090990000002425/index.m3u8?virtualDomain=yinhe.live_hls.zte.com
千阳电视台,http://zteres.sn.chinamobile.com:6060/yinhe/2/ch00000090990000002425/index.m3u8?virtualDomain=yinhe.live_hls.zte.com
欢笑剧场4K,http://[2409:8087:7000:20:1000::22]:6060/yinhe/2/ch00000090990000002156/index.m3u8?virtualDomain=yinhe.live_hls.zte.com
欢笑剧场4K,http://zteres.sn.chinamobile.com:6060/yinhe/2/ch00000090990000002156/index.m3u8?virtualDomain=yinhe.live_hls.zte.com
欢笑剧场4K,http://211.137.115.109:80/gitv_live/G_HUANXIAOJC-4K/G_HUANXIAOJC-4K.m3u8
甘泉综合,http://[2409:8087:7000:20:1000::22]:6060/yinhe/2/ch00000090990000002758/index.m3u8?virtualDomain=yinhe.live_hls.zte.com
甘泉综合,http://zteres.sn.chinamobile.com:6060/yinhe/2/ch00000090990000002758/index.m3u8?virtualDomain=yinhe.live_hls.zte.com
鄠邑综合,http://[2409:8087:7000:20:1000::22]:6060/yinhe/2/ch00000090990000002655/index.m3u8?virtualDomain=yinhe.live_hls.zte.com
鄠邑综合,http://zteres.sn.chinamobile.com:6060/yinhe/2/ch00000090990000002655/index.m3u8?virtualDomain=yinhe.live_hls.zte.com
临潼综合,http://[2409:8087:7000:20:1000::22]:6060/yinhe/2/ch00000090990000002790/index.m3u8?virtualDomain=yinhe.live_hls.zte.com
临潼综合,http://zteres.sn.chinamobile.com:6060/yinhe/2/ch00000090990000002790/index.m3u8?virtualDomain=yinhe.live_hls.zte.com
蓝田综合,http://[2409:8087:7000:20:1000::22]:6060/yinhe/2/ch00000090990000002665/index.m3u8?virtualDomain=yinhe.live_hls.zte.com
蓝田综合,http://zteres.sn.chinamobile.com:6060/yinhe/2/ch00000090990000002665/index.m3u8?virtualDomain=yinhe.live_hls.zte.com
周至综合,http://[2409:8087:7000:20:1000::22]:6060/yinhe/2/ch00000090990000002576/index.m3u8?virtualDomain=yinhe.live_hls.zte.com
周至综合,http://zteres.sn.chinamobile.com:6060/yinhe/2/ch00000090990000002576/index.m3u8?virtualDomain=yinhe.live_hls.zte.com
白河综合,http://[2409:8087:7000:20:1000::22]:6060/yinhe/2/ch00000090990000002560/index.m3u8?virtualDomain=yinhe.live_hls.zte.com
白河综合,http://zteres.sn.chinamobile.com:6060/yinhe/2/ch00000090990000002560/index.m3u8?virtualDomain=yinhe.live_hls.zte.com
汉阴综合,http://[2409:8087:7000:20:1000::22]:6060/yinhe/2/ch00000090990000002786/index.m3u8?virtualDomain=yinhe.live_hls.zte.com
汉阴综合,http://zteres.sn.chinamobile.com:6060/yinhe/2/ch00000090990000002786/index.m3u8?virtualDomain=yinhe.live_hls.zte.com
平利电视台,http://[2409:8087:7000:20:1000::22]:6060/yinhe/2/ch00000090990000002796/index.m3u8?virtualDomain=yinhe.live_hls.zte.com
平利电视台,http://zteres.sn.chinamobile.com:6060/yinhe/2/ch00000090990000002796/index.m3u8?virtualDomain=yinhe.live_hls.zte.com
陈仓综合,http://[2409:8087:7000:20:1000::22]:6060/yinhe/2/ch00000090990000002807/index.m3u8?virtualDomain=yinhe.live_hls.zte.com
陈仓综合,http://zteres.sn.chinamobile.com:6060/yinhe/2/ch00000090990000002807/index.m3u8?virtualDomain=yinhe.live_hls.zte.com
凤县综合,http://[2409:8087:7000:20:1000::22]:6060/yinhe/2/ch00000090990000002800/index.m3u8?virtualDomain=yinhe.live_hls.zte.com
凤县综合,http://zteres.sn.chinamobile.com:6060/yinhe/2/ch00000090990000002800/index.m3u8?virtualDomain=yinhe.live_hls.zte.com
陇县综合,http://[2409:8087:7000:20:1000::22]:6060/yinhe/2/ch00000090990000002885/index.m3u8?virtualDomain=yinhe.live_hls.zte.com
陇县综合,http://zteres.sn.chinamobile.com:6060/yinhe/2/ch00000090990000002885/index.m3u8?virtualDomain=yinhe.live_hls.zte.com
留坝电视台,http://[2409:8087:7000:20:1000::22]:6060/yinhe/2/ch00000090990000001268/index.m3u8?virtualDomain=yinhe.live_hls.zte.com
留坝电视台,http://zteres.sn.chinamobile.com:6060/yinhe/2/ch00000090990000001268/index.m3u8?virtualDomain=yinhe.live_hls.zte.com
略阳综合,http://[2409:8087:7000:20:1000::22]:6060/yinhe/2/ch00000090990000001417/index.m3u8?virtualDomain=yinhe.live_hls.zte.com
略阳综合,http://zteres.sn.chinamobile.com:6060/yinhe/2/ch00000090990000001417/index.m3u8?virtualDomain=yinhe.live_hls.zte.com
宁强综合,http://[2409:8087:7000:20:1000::22]:6060/yinhe/2/ch00000090990000001870/index.m3u8?virtualDomain=yinhe.live_hls.zte.com
宁强综合,http://zteres.sn.chinamobile.com:6060/yinhe/2/ch00000090990000001870/index.m3u8?virtualDomain=yinhe.live_hls.zte.com
南郑综合,http://[2409:8087:7000:20:1000::22]:6060/yinhe/2/ch00000090990000002435/index.m3u8?virtualDomain=yinhe.live_hls.zte.com
南郑综合,http://zteres.sn.chinamobile.com:6060/yinhe/2/ch00000090990000002435/index.m3u8?virtualDomain=yinhe.live_hls.zte.com
洛南电视台,http://[2409:8087:7000:20:1000::22]:6060/yinhe/2/ch00000090990000002559/index.m3u8?virtualDomain=yinhe.live_hls.zte.com
洛南电视台,http://zteres.sn.chinamobile.com:6060/yinhe/2/ch00000090990000002559/index.m3u8?virtualDomain=yinhe.live_hls.zte.com
商南综合,http://[2409:8087:7000:20:1000::22]:6060/yinhe/2/ch00000090990000002775/index.m3u8?virtualDomain=yinhe.live_hls.zte.com
商南综合,http://zteres.sn.chinamobile.com:6060/yinhe/2/ch00000090990000002775/index.m3u8?virtualDomain=yinhe.live_hls.zte.com
山阳新闻综合,http://[2409:8087:7000:20:1000::22]:6060/yinhe/2/ch00000090990000002558/index.m3u8?virtualDomain=yinhe.live_hls.zte.com
山阳新闻综合,http://zteres.sn.chinamobile.com:6060/yinhe/2/ch00000090990000002558/index.m3u8?virtualDomain=yinhe.live_hls.zte.com
镇安综合,http://[2409:8087:7000:20:1000::22]:6060/yinhe/2/ch00000090990000002756/index.m3u8?virtualDomain=yinhe.live_hls.zte.com
镇安综合,http://zteres.sn.chinamobile.com:6060/yinhe/2/ch00000090990000002756/index.m3u8?virtualDomain=yinhe.live_hls.zte.com
耀州综合,http://[2409:8087:7000:20:1000::22]:6060/yinhe/2/ch00000090990000002635/index.m3u8?virtualDomain=yinhe.live_hls.zte.com
耀州综合,http://zteres.sn.chinamobile.com:6060/yinhe/2/ch00000090990000002635/index.m3u8?virtualDomain=yinhe.live_hls.zte.com
宜君综合,http://[2409:8087:7000:20:1000::22]:6060/yinhe/2/ch00000090990000002625/index.m3u8?virtualDomain=yinhe.live_hls.zte.com
宜君综合,http://zteres.sn.chinamobile.com:6060/yinhe/2/ch00000090990000002625/index.m3u8?virtualDomain=yinhe.live_hls.zte.com
渭南新闻综合HD,http://[2409:8087:7000:20:1000::22]:6060/yinhe/2/ch00000090990000001585/index.m3u8?virtualDomain=yinhe.live_hls.zte.com
渭南新闻综合HD,http://zteres.sn.chinamobile.com:6060/yinhe/2/ch00000090990000001585/index.m3u8?virtualDomain=yinhe.live_hls.zte.com
白水综合,http://[2409:8087:7000:20:1000::22]:6060/yinhe/2/ch00000090990000002825/index.m3u8?virtualDomain=yinhe.live_hls.zte.com
白水综合,http://zteres.sn.chinamobile.com:6060/yinhe/2/ch00000090990000002825/index.m3u8?virtualDomain=yinhe.live_hls.zte.com
澄城综合,http://[2409:8087:7000:20:1000::22]:6060/yinhe/2/ch00000090990000002706/index.m3u8?virtualDomain=yinhe.live_hls.zte.com
澄城综合,http://zteres.sn.chinamobile.com:6060/yinhe/2/ch00000090990000002706/index.m3u8?virtualDomain=yinhe.live_hls.zte.com
大荔新闻综合,http://[2409:8087:7000:20:1000::22]:6060/yinhe/2/ch00000090990000002763/index.m3u8?virtualDomain=yinhe.live_hls.zte.com
大荔新闻综合,http://zteres.sn.chinamobile.com:6060/yinhe/2/ch00000090990000002763/index.m3u8?virtualDomain=yinhe.live_hls.zte.com
富平综合,http://[2409:8087:7000:20:1000::22]:6060/yinhe/2/ch00000090990000002561/index.m3u8?virtualDomain=yinhe.live_hls.zte.com
富平综合,http://zteres.sn.chinamobile.com:6060/yinhe/2/ch00000090990000002561/index.m3u8?virtualDomain=yinhe.live_hls.zte.com
合阳综合,http://[2409:8087:7000:20:1000::22]:6060/yinhe/2/ch00000090990000002762/index.m3u8?virtualDomain=yinhe.live_hls.zte.com
合阳综合,http://zteres.sn.chinamobile.com:6060/yinhe/2/ch00000090990000002762/index.m3u8?virtualDomain=yinhe.live_hls.zte.com
华阴综合,http://[2409:8087:7000:20:1000::22]:6060/yinhe/2/ch00000090990000002788/index.m3u8?virtualDomain=yinhe.live_hls.zte.com
华阴综合,http://zteres.sn.chinamobile.com:6060/yinhe/2/ch00000090990000002788/index.m3u8?virtualDomain=yinhe.live_hls.zte.com
华州综合,http://[2409:8087:7000:20:1000::22]:6060/yinhe/2/ch00000090990000002798/index.m3u8?virtualDomain=yinhe.live_hls.zte.com
华州综合,http://zteres.sn.chinamobile.com:6060/yinhe/2/ch00000090990000002798/index.m3u8?virtualDomain=yinhe.live_hls.zte.com
蒲城综合,http://[2409:8087:7000:20:1000::22]:6060/yinhe/2/ch00000090990000002615/index.m3u8?virtualDomain=yinhe.live_hls.zte.com
蒲城综合,http://zteres.sn.chinamobile.com:6060/yinhe/2/ch00000090990000002615/index.m3u8?virtualDomain=yinhe.live_hls.zte.com
潼关综合,http://[2409:8087:7000:20:1000::22]:6060/yinhe/2/ch00000090990000002835/index.m3u8?virtualDomain=yinhe.live_hls.zte.com
潼关综合,http://zteres.sn.chinamobile.com:6060/yinhe/2/ch00000090990000002835/index.m3u8?virtualDomain=yinhe.live_hls.zte.com
杨凌综合,http://[2409:8087:7000:20:1000::22]:6060/yinhe/2/ch00000090990000002776/index.m3u8?virtualDomain=yinhe.live_hls.zte.com
杨凌综合,http://zteres.sn.chinamobile.com:6060/yinhe/2/ch00000090990000002776/index.m3u8?virtualDomain=yinhe.live_hls.zte.com
淳化综合,http://[2409:8087:7000:20:1000::22]:6060/yinhe/2/ch00000090990000002880/index.m3u8?virtualDomain=yinhe.live_hls.zte.com
淳化综合,http://zteres.sn.chinamobile.com:6060/yinhe/2/ch00000090990000002880/index.m3u8?virtualDomain=yinhe.live_hls.zte.com
长武综合,http://[2409:8087:7000:20:1000::22]:6060/yinhe/2/ch00000090990000002879/index.m3u8?virtualDomain=yinhe.live_hls.zte.com
长武综合,http://zteres.sn.chinamobile.com:6060/yinhe/2/ch00000090990000002879/index.m3u8?virtualDomain=yinhe.live_hls.zte.com
泾阳综合,http://[2409:8087:7000:20:1000::22]:6060/yinhe/2/ch00000090990000002566/index.m3u8?virtualDomain=yinhe.live_hls.zte.com
泾阳综合,http://zteres.sn.chinamobile.com:6060/yinhe/2/ch00000090990000002566/index.m3u8?virtualDomain=yinhe.live_hls.zte.com
礼泉综合,http://[2409:8087:7000:20:1000::22]:6060/yinhe/2/ch00000090990000002791/index.m3u8?virtualDomain=yinhe.live_hls.zte.com
礼泉综合,http://zteres.sn.chinamobile.com:6060/yinhe/2/ch00000090990000002791/index.m3u8?virtualDomain=yinhe.live_hls.zte.com
礼泉影视,http://[2409:8087:7000:20:1000::22]:6060/yinhe/2/ch00000090990000002876/index.m3u8?virtualDomain=yinhe.live_hls.zte.com
礼泉影视,http://zteres.sn.chinamobile.com:6060/yinhe/2/ch00000090990000002876/index.m3u8?virtualDomain=yinhe.live_hls.zte.com
乾县电视台,http://[2409:8087:7000:20:1000::22]:6060/yinhe/2/ch00000090990000002777/index.m3u8?virtualDomain=yinhe.live_hls.zte.com
乾县电视台,http://zteres.sn.chinamobile.com:6060/yinhe/2/ch00000090990000002777/index.m3u8?virtualDomain=yinhe.live_hls.zte.com
三原综合,http://[2409:8087:7000:20:1000::22]:6060/yinhe/2/ch00000090990000002877/index.m3u8?virtualDomain=yinhe.live_hls.zte.com
三原综合,http://zteres.sn.chinamobile.com:6060/yinhe/2/ch00000090990000002877/index.m3u8?virtualDomain=yinhe.live_hls.zte.com
武功综合,http://[2409:8087:7000:20:1000::22]:6060/yinhe/2/ch00000090990000002799/index.m3u8?virtualDomain=yinhe.live_hls.zte.com
武功综合,http://zteres.sn.chinamobile.com:6060/yinhe/2/ch00000090990000002799/index.m3u8?virtualDomain=yinhe.live_hls.zte.com
兴平融媒,http://[2409:8087:7000:20:1000::22]:6060/yinhe/2/ch00000090990000002562/index.m3u8?virtualDomain=yinhe.live_hls.zte.com
兴平融媒,http://zteres.sn.chinamobile.com:6060/yinhe/2/ch00000090990000002562/index.m3u8?virtualDomain=yinhe.live_hls.zte.com
永寿综合,http://[2409:8087:7000:20:1000::22]:6060/yinhe/2/ch00000090990000002878/index.m3u8?virtualDomain=yinhe.live_hls.zte.com
永寿综合,http://zteres.sn.chinamobile.com:6060/yinhe/2/ch00000090990000002878/index.m3u8?virtualDomain=yinhe.live_hls.zte.com
延安综合,http://[2409:8087:7000:20:1000::22]:6060/yinhe/2/ch00000090990000001819/index.m3u8?virtualDomain=yinhe.live_hls.zte.com
延安综合,http://zteres.sn.chinamobile.com:6060/yinhe/2/ch00000090990000001819/index.m3u8?virtualDomain=yinhe.live_hls.zte.com
延安公共,http://[2409:8087:7000:20:1000::22]:6060/yinhe/2/ch00000090990000001733/index.m3u8?virtualDomain=yinhe.live_hls.zte.com
延安公共,http://zteres.sn.chinamobile.com:6060/yinhe/2/ch00000090990000001733/index.m3u8?virtualDomain=yinhe.live_hls.zte.com
富县综合,http://[2409:8087:7000:20:1000::22]:6060/yinhe/2/ch00000090990000002795/index.m3u8?virtualDomain=yinhe.live_hls.zte.com
富县综合,http://zteres.sn.chinamobile.com:6060/yinhe/2/ch00000090990000002795/index.m3u8?virtualDomain=yinhe.live_hls.zte.com
黄龙综合,http://[2409:8087:7000:20:1000::22]:6060/yinhe/2/ch00000090990000002759/index.m3u8?virtualDomain=yinhe.live_hls.zte.com
黄龙综合,http://zteres.sn.chinamobile.com:6060/yinhe/2/ch00000090990000002759/index.m3u8?virtualDomain=yinhe.live_hls.zte.com
洛川融媒,http://[2409:8087:7000:20:1000::22]:6060/yinhe/2/ch00000090990000002557/index.m3u8?virtualDomain=yinhe.live_hls.zte.com
洛川融媒,http://zteres.sn.chinamobile.com:6060/yinhe/2/ch00000090990000002557/index.m3u8?virtualDomain=yinhe.live_hls.zte.com
延长综合,http://[2409:8087:7000:20:1000::22]:6060/yinhe/2/ch00000090990000002760/index.m3u8?virtualDomain=yinhe.live_hls.zte.com
延长综合,http://zteres.sn.chinamobile.com:6060/yinhe/2/ch00000090990000002760/index.m3u8?virtualDomain=yinhe.live_hls.zte.com
宜川电视台,http://[2409:8087:7000:20:1000::22]:6060/yinhe/2/ch00000090990000002805/index.m3u8?virtualDomain=yinhe.live_hls.zte.com
宜川电视台,http://zteres.sn.chinamobile.com:6060/yinhe/2/ch00000090990000002805/index.m3u8?virtualDomain=yinhe.live_hls.zte.com
定边融媒1,http://[2409:8087:7000:20:1000::22]:6060/yinhe/2/ch00000090990000002715/index.m3u8?virtualDomain=yinhe.live_hls.zte.com
定边融媒1,http://zteres.sn.chinamobile.com:6060/yinhe/2/ch00000090990000002715/index.m3u8?virtualDomain=yinhe.live_hls.zte.com
靖边综合,http://[2409:8087:7000:20:1000::22]:6060/yinhe/2/ch00000090990000002705/index.m3u8?virtualDomain=yinhe.live_hls.zte.com
靖边综合,http://zteres.sn.chinamobile.com:6060/yinhe/2/ch00000090990000002705/index.m3u8?virtualDomain=yinhe.live_hls.zte.com
佳县综合,http://[2409:8087:7000:20:1000::22]:6060/yinhe/2/ch00000090990000002735/index.m3u8?virtualDomain=yinhe.live_hls.zte.com
佳县综合,http://zteres.sn.chinamobile.com:6060/yinhe/2/ch00000090990000002735/index.m3u8?virtualDomain=yinhe.live_hls.zte.com
米脂电视台,http://[2409:8087:7000:20:1000::22]:6060/yinhe/2/ch00000090990000002555/index.m3u8?virtualDomain=yinhe.live_hls.zte.com
米脂电视台,http://zteres.sn.chinamobile.com:6060/yinhe/2/ch00000090990000002555/index.m3u8?virtualDomain=yinhe.live_hls.zte.com
清涧综合,http://[2409:8087:7000:20:1000::22]:6060/yinhe/2/ch00000090990000002745/index.m3u8?virtualDomain=yinhe.live_hls.zte.com
清涧综合,http://zteres.sn.chinamobile.com:6060/yinhe/2/ch00000090990000002745/index.m3u8?virtualDomain=yinhe.live_hls.zte.com
太白综合,http://[2409:8087:7000:20:1000::22]:6060/yinhe/2/ch00000090990000002881/index.m3u9?virtualDomain=yinhe.live_hls.zte.com
太白综合,http://zteres.sn.chinamobile.com:6060/yinhe/2/ch00000090990000002881/index.m3u9?virtualDomain=yinhe.live_hls.zte.com
快乐购,http://[2409:8087:7000:20:1000::22]:6060/yinhe/2/ch00000090990000001569/index.m3u8?virtualDomain=yinhe.live_hls.zte.com
快乐购,http://[2409:8087:7000:20:1000::22]:6060/yinhe/2/ch00000090990000001590/index.m3u8?virtualDomain=yinhe.live_hls.zte.com
快乐购,http://zteres.sn.chinamobile.com:6060/yinhe/2/ch00000090990000001569/index.m3u8?virtualDomain=yinhe.live_hls.zte.com
快乐购,http://zteres.sn.chinamobile.com:6060/yinhe/2/ch00000090990000001590/index.m3u8?virtualDomain=yinhe.live_hls.zte.com
阎良综合,http://[2409:8087:7000:20:1000::22]:6060/yinhe/2/ch00000090990000002789/index.m3u8?virtualDomain=yinhe.live_hls.zte.com
阎良综合,http://zteres.sn.chinamobile.com:6060/yinhe/2/ch00000090990000002789/index.m3u8?virtualDomain=yinhe.live_hls.zte.com
铜川新闻综合,http://[2409:8087:7000:20:1000::22]:6060/yinhe/2/ch00000090990000001735/index.m3u8?virtualDomain=yinhe.live_hls.zte.com
铜川新闻综合,http://zteres.sn.chinamobile.com:6060/yinhe/2/ch00000090990000001735/index.m3u8?virtualDomain=yinhe.live_hls.zte.com
铜川文化旅游,http://[2409:8087:7000:20:1000::22]:6060/yinhe/2/ch00000090990000001770/index.m3u8?virtualDomain=yinhe.live_hls.zte.com
铜川文化旅游,http://zteres.sn.chinamobile.com:6060/yinhe/2/ch00000090990000001770/index.m3u8?virtualDomain=yinhe.live_hls.zte.com
京视剧场,http://[2409:8087:7000:20:1000::22]:6060/yinhe/2/ch00000090990000001319/index.m3u8?virtualDomain=yinhe.live_hls.zte.com
京视剧场,http://[2409:8087:7000:20:1000::22]:6060/yinhe/2/ch00000090990000001320/index.m3u8?virtualDomain=yinhe.live_hls.zte.com
京视剧场,http://zteres.sn.chinamobile.com:6060/yinhe/2/ch00000090990000001319/index.m3u8?virtualDomain=yinhe.live_hls.zte.com
京视剧场,http://zteres.sn.chinamobile.com:6060/yinhe/2/ch00000090990000001320/index.m3u8?virtualDomain=yinhe.live_hls.zte.com
京视剧场,http://211.137.115.109:80/gitv_live/G_JINGJU/G_JINGJU.m3u8
京视剧场,http://dbiptv.sn.chinamobile.com/PLTV/88888890/224/3221226242/index.m3u8
弈坛春秋,http://[2409:8087:7000:20:1000::22]:6060/yinhe/2/ch00000090990000001322/index.m3u8?virtualDomain=yinhe.live_hls.zte.com
弈坛春秋,http://zteres.sn.chinamobile.com:6060/yinhe/2/ch00000090990000001322/index.m3u8?virtualDomain=yinhe.live_hls.zte.com
弈坛春秋,http://211.137.115.109:80/gitv_live/G_YITANCQ/G_YITANCQ.m3u8
置业频道,http://[2409:8087:7000:20:1000::22]:6060/yinhe/2/ch00000090990000001318/index.m3u8?virtualDomain=yinhe.live_hls.zte.com
置业频道,http://zteres.sn.chinamobile.com:6060/yinhe/2/ch00000090990000001318/index.m3u8?virtualDomain=yinhe.live_hls.zte.com
置业频道,http://211.137.115.109:80/gitv_live/G_ZHIYE/G_ZHIYE.m3u8
置业频道,http://dbiptv.sn.chinamobile.com/PLTV/88888890/224/3221226241/index.m3u8
家庭理财,http://[2409:8087:7000:20:1000::22]:6060/yinhe/2/ch00000090990000001321/index.m3u8?virtualDomain=yinhe.live_hls.zte.com
家庭理财,http://[2409:8087:7000:20:1000::22]:6060/yinhe/2/ch00000090990000001324/index.m3u8?virtualDomain=yinhe.live_hls.zte.com
家庭理财,http://zteres.sn.chinamobile.com:6060/yinhe/2/ch00000090990000001321/index.m3u8?virtualDomain=yinhe.live_hls.zte.com
家庭理财,http://zteres.sn.chinamobile.com:6060/yinhe/2/ch00000090990000001324/index.m3u8?virtualDomain=yinhe.live_hls.zte.com
家庭理财,http://211.137.115.109:80/gitv_live/G_JIATINGLC/G_JIATINGLC.m3u8
家庭理财,http://dbiptv.sn.chinamobile.com/PLTV/88888890/224/3221226244/index.m3u8
嘉佳卡通,http://[2409:8087:7000:20:1000::22]:6060/yinhe/2/ch00000090990000001310/index.m3u8?virtualDomain=yinhe.live_hls.zte.com
嘉佳卡通,http://zteres.sn.chinamobile.com:6060/yinhe/2/ch00000090990000001310/index.m3u8?virtualDomain=yinhe.live_hls.zte.com
嘉佳卡通,http://211.137.115.109:80/gitv_live/G_JIAJIA/G_JIAJIA.m3u8
嘉佳卡通,http://dbiptv.sn.chinamobile.com/PLTV/88888890/224/3221226227/index.m3u8
财富天下,http://[2409:8087:7000:20:1000::22]:6060/yinhe/2/ch00000090990000001689/index.m3u8?virtualDomain=yinhe.live_hls.zte.com
财富天下,http://zteres.sn.chinamobile.com:6060/yinhe/2/ch00000090990000001689/index.m3u8?virtualDomain=yinhe.live_hls.zte.com
财富天下,http://211.137.115.109:80/gitv_live/G_CAIFUTIANXIA/G_CAIFUTIANXIA.m3u8
CCTVNEWS,http://211.137.115.109:80/gitv_live/G_CCTV-NEWS/G_CCTV-NEWS.m3u8
北京冬奥纪实,http://211.137.115.109:80/gitv_live/G_BEIJINGJS-HD/G_BEIJINGJS-HD.m3u8
新娱乐,http://211.137.115.109:80/gitv_live/G_XINYULE/G_XINYULE.m3u8
职业指南,http://211.137.115.109:80/gitv_live/G_ZHIYEZN/G_ZHIYEZN.m3u8
中国交通频道,http://211.137.115.109:80/gitv_live/G_ZHONGGUOJT/G_ZHONGGUOJT.m3u8
陕西部电影西,http://dbiptv.sn.chinamobile.com/PLTV/88888888/224/3221226364/1.m3u8
杨凌-1,http://dbiptv.sn.chinamobile.com/PLTV/88888890/224/3221226373/index.m3u8
延安-1,http://dbiptv.sn.chinamobile.com/PLTV/88888888/224/3221226374/1.m3u8
延安-2,http://dbiptv.sn.chinamobile.com/PLTV/88888888/224/3221226375/1.m3u8
铜川-1,http://dbiptv.sn.chinamobile.com/PLTV/88888888/224/3221226379/1.m3u8
铜川-2,http://dbiptv.sn.chinamobile.com/PLTV/88888888/224/3221226380/1.m3u8
宝鸡-1,http://dbiptv.sn.chinamobile.com/PLTV/88888888/224/3221226383/1.m3u8
宝鸡-2,http://dbiptv.sn.chinamobile.com/PLTV/88888888/224/3221226384/1.m3u8
宁强-1,http://dbiptv.sn.chinamobile.com/PLTV/88888888/224/3221226390/1.m3u8
宁强-2,http://dbiptv.sn.chinamobile.com/PLTV/88888888/224/3221226389/1.m3u8
汉中-1,http://dbiptv.sn.chinamobile.com/PLTV/88888888/224/3221226331/1.m3u8
汉中-3,http://dbiptv.sn.chinamobile.com/PLTV/88888890/224/3221225991/index.m3u8
佛坪-1,http://dbiptv.sn.chinamobile.com/PLTV/88888888/224/3221226454/1.m3u8
镇巴-1,http://dbiptv.sn.chinamobile.com/PLTV/88888888/224/3221226457/1.m3u8
略阳-1,http://dbiptv.sn.chinamobile.com/PLTV/88888888/224/3221226322/1.m3u8
西乡-1,http://dbiptv.sn.chinamobile.com/PLTV/88888890/224/3221226556/index.m3u8
榆林-1,http://dbiptv.sn.chinamobile.com/PLTV/88888888/224/3221226377/1.m3u8
商洛-1,http://dbiptv.sn.chinamobile.com/PLTV/88888888/224/3221226378/1.m3u8
渭南-1,http://dbiptv.sn.chinamobile.com/PLTV/88888888/224/3221226376/1.m3u8
安康-1,http://dbiptv.sn.chinamobile.com/PLTV/88888888/224/3221226385/1.m3u8
奕坦春秋,http://dbiptv.sn.chinamobile.com/PLTV/88888890/224/3221226245/index.m3u8
北京卡酷,http://dbiptv.sn.chinamobile.com/PLTV/88888890/224/3221225743/index.m3u8
冬奥纪实,http://dbiptv.sn.chinamobile.com/PLTV/88888890/224/3221226232/index.m3u8
哒啵电竞,http://dbiptv.sn.chinamobile.com/PLTV/88888893/224/3221226951/index.m3u8
哒啵赛事,http://dbiptv.sn.chinamobile.com/PLTV/88888893/224/3221226954/index.m3u8
百视通体育 720,http://dbiptv.sn.chinamobile.com/PLTV/88888890/224/3221225835/index.m3u8
百视通体育 720,http://dbiptv.sn.chinamobile.com/PLTV/88888890/224/3221225837/index.m3u8
百视通体育 720,http://dbiptv.sn.chinamobile.com/PLTV/88888890/224/3221225846/index.m3u8
百视通体育 720,http://dbiptv.sn.chinamobile.com/PLTV/88888890/224/3221225850/index.m3u8
百视通体育 720,http://dbiptv.sn.chinamobile.com/PLTV/88888890/224/3221225834/index.m3u8
百视通体育 720,http://dbiptv.sn.chinamobile.com/PLTV/88888890/224/3221225836/index.m3u8
百视通体育 720,http://dbiptv.sn.chinamobile.com/PLTV/88888890/224/3221225839/index.m3u8
百视通体育 720,http://dbiptv.sn.chinamobile.com/PLTV/88888890/224/3221225845/index.m3u8
百视通体育 720,http://dbiptv.sn.chinamobile.com/PLTV/88888890/224/3221225848/index.m3u8
百视通体育 720,http://dbiptv.sn.chinamobile.com/PLTV/88888890/224/3221225849/index.m3u8
百视通体育 720,http://dbiptv.sn.chinamobile.com/PLTV/88888890/224/3221225847/index.m3u8
CCTV4K,http://36.131.221.148/tlivecloud-ipv6.ysp.cctv.cn/ysp/2000266303.m3u8
CGTN英闻,http://36.131.221.148/tlivecloud-ipv6.ysp.cctv.cn/ysp/2001656803.m3u8
CGTN法语,http://36.131.221.148/tlivecloud-ipv6.ysp.cctv.cn/ysp/2010153503.m3u8
CGTN俄语,http://36.131.221.148/tlivecloud-ipv6.ysp.cctv.cn/ysp/2010152603.m3u8
CGTN阿拉伯语,http://36.131.221.148/tlivecloud-ipv6.ysp.cctv.cn/ysp/2010155203.m3u8
CGTN西班牙语,http://36.131.221.148/tlivecloud-ipv6.ysp.cctv.cn/ysp/2010152503.m3u8
CGTN纪录国际,http://36.131.221.148/tlivecloud-ipv6.ysp.cctv.cn/ysp/2010155403.m3u8
CCTV电视指南,http://36.131.221.148/tlivecloud-ipv6.ysp.cctv.cn/ysp/2012514003.m3u8
CCTV卫生健康,http://36.131.221.148/tlivecloud-ipv6.ysp.cctv.cn/ysp/2012513503.m3u8
新彊卫视,http://36.131.221.148/tlivecloud-ipv6.ysp.cctv.cn/ysp/2019927403.m3u8
CCTV兵器科技(vip),https://angtv.cc/test/ysp.php?id=bqkj
CCTV第一剧场(vip),https://angtv.cc/test/ysp.php?id=dyjc
CCTV怀旧剧场(vip),https://angtv.cc/test/ysp.php?id=hjjc
CCTV风云剧场(vip),https://angtv.cc/test/ysp.php?id=fyjc
CCTV风云音乐(vip),https://angtv.cc/test/ysp.php?id=fyyy
CCTV风云足球(vip),https://angtv.cc/test/ysp.php?id=fyzq
CCTV电视指南(vip),https://angtv.cc/test/ysp.php?id=dszn
CCTV女性时尚(vip),https://angtv.cc/test/ysp.php?id=nxss
CCTV央视文化精品(vip),https://angtv.cc/test/ysp.php?id=whjp
CCTV世界地理(vip),https://angtv.cc/test/ysp.php?id=sjdl
CCTV高尔夫网球(vip),https://angtv.cc/test/ysp.php?id=gefwq
CCTV央视台球(vip),https://angtv.cc/test/ysp.php?id=ystq
CCTV卫生健康(vip),https://angtv.cc/test/ysp.php?id=wsjk
CGTN,https://angtv.cc/test/ysp.php?id=cgtn
CGTN纪录,https://angtv.cc/test/ysp.php?id=cgtnjl
CGTN西语,https://angtv.cc/test/ysp.php?id=cgtne
CGTN法语,https://angtv.cc/test/ysp.php?id=cgtnf
CGTN阿语,https://angtv.cc/test/ysp.php?id=cgtna
CGTN俄语,https://angtv.cc/test/ysp.php?id=cgtnr
CCTV4K,http://36.131.221.148/tlivecloud-ipv6.ysp.cctv.cn/ysp/2000266303.m3u8
CGTN英闻,http://36.131.221.148/tlivecloud-ipv6.ysp.cctv.cn/ysp/2001656803.m3u8
CGTN法语,http://36.131.221.148/tlivecloud-ipv6.ysp.cctv.cn/ysp/2010153503.m3u8
CGTN俄语,http://36.131.221.148/tlivecloud-ipv6.ysp.cctv.cn/ysp/2010152603.m3u8
CGTN阿拉伯语,http://36.131.221.148/tlivecloud-ipv6.ysp.cctv.cn/ysp/2010155203.m3u8
CGTN西班牙语,http://36.131.221.148/tlivecloud-ipv6.ysp.cctv.cn/ysp/2010152503.m3u8
CGTN纪录国际,http://36.131.221.148/tlivecloud-ipv6.ysp.cctv.cn/ysp/2010155403.m3u8
CCTV电视指南,http://36.131.221.148/tlivecloud-ipv6.ysp.cctv.cn/ysp/2012514003.m3u8
CCTV卫生健康,http://36.131.221.148/tlivecloud-ipv6.ysp.cctv.cn/ysp/2012513503.m3u8
新彊卫视,http://36.131.221.148/tlivecloud-ipv6.ysp.cctv.cn/ysp/2019927403.m3u8
兵团卫视,http://[2409:8087:74F1:0021::0008]:80/PLTV/88888888/224/3221225631/1.m3u8
嘉佳卡通,http://[2409:8087:74F1:0021::0008]:80/PLTV/88888888/224/3221225681/1.m3u8
甘肃文化影视,http://[2409:8087:74F1:0021::0008]:80/PLTV/88888888/224/3221226287/1.m3u8
甘肃公共应急,http://[2409:8087:74F1:0021::0008]:80/PLTV/88888888/224/3221226250/1.m3u8
兰州新闻综合,http://[2409:8087:74F1:0021::0008]:80/PLTV/88888888/224/3221226242/1.m3u8
兰州生活经济,http://[2409:8087:74F1:0021::0008]:80/PLTV/88888888/224/3221226285/1.m3u8
兰州文旅频道,http://[2409:8087:74F1:0021::0008]:80/PLTV/88888888/224/3221226597/1.m3u8
咪咕综合体育,http://[2409:8087:74F1:0021::0008]:80/PLTV/88888888/224/3221226504/1.m3u8
咪咕精彩足球,http://[2409:8087:74F1:0021::0008]:80/PLTV/88888888/224/3221226506/1.m3u8
咪咕精彩足球,http://[2409:8087:74F1:0021::0008]:80/PLTV/88888888/224/3221226508/1.m3u8
